<?xml version="1.0" encoding="utf-8"?><testsuite errors="0" failures="0" name="pytest" skips="0" tests="4" time="10.066"><testcase classname="bdd.contact_scenarios" file="bdd\contact_scenarios.py" line="4" name="test_add_new_contact[firstname1-middlename1-lastname1-address1-email1@mail-789456]" time="6.101349115371704"></testcase><testcase classname="bdd.contact_scenarios" file="bdd\contact_scenarios.py" line="4" name="test_add_new_contact[firstname2-middlename2-lastname2-address2-email2@mail-236741]" time="1.317075490951538"></testcase><testcase classname="bdd.contact_scenarios" file="bdd\contact_scenarios.py" line="9" name="test_delete_contact" time="0.9640552997589111"></testcase><testcase classname="bdd.contact_scenarios" file="bdd\contact_scenarios.py" line="14" name="test_modify_contact[modified-modified-modified-modified-modified@mail-111111]" time="1.6110920906066895"></testcase></testsuite>